0
0
0
0
0
0
0
0
0
0
0
0
2
0
53
0
0
0
0
0
0
2
0
0
0
2
0
0
27
0
0
15
53
0
0
0
2
2
1
0
0
2
0
0
0
0
0
15
2
0
2
0
0
0
0
19
2
13
15
0
0
0
45
0
0
0
0
0
0
0
0
15
0
10
0
0
1
0
0
0
0
0
2
0
0
0
0
2
0
0
0
2
16
0
0
0
0
0
0
0
